
> cuifin@0.0.0 build
> vite build

[36mvite v6.4.1 [32mbuilding for production...[36m[39m
transforming...
[32mÔ£ô[39m 2191 modules transformed.
rendering chunks...
computing gzip size...
[2mdist/[22m[32mregisterSW.js              [39m[1m[2m  0.13 kB[22m[1m[22m
[2mdist/[22m[32mmanifest.webmanifest       [39m[1m[2m  0.30 kB[22m[1m[22m
[2mdist/[22m[32mindex.html                 [39m[1m[2m  0.84 kB[22m[1m[22m[2m Ôöé gzip:   0.46 kB[22m
[2mdist/[22m[35massets/index-XO0KxP4q.css  [39m[1m[2m 45.43 kB[22m[1m[22m[2m Ôöé gzip:   7.72 kB[22m
[2mdist/[22m[36massets/index-W50mGBwV.js   [39m[1m[33m567.42 kB[39m[22m[2m Ôöé gzip: 165.58 kB[22m
node.exe : [33m
No linha:1 caractere:1
+ & "C:\Program Files\nodejs/node.exe" 
"C:\Program Files\nodejs/node_mo ...
+ ~~~~~~~~~~~~~~~~~~~~~~~~~~~~~~~~~~~~~~~~~~
~~~~~~~~~~~~~~~~~~~~~~~~~~~
    + CategoryInfo          : NotSpecified: 
    ([33m:String) [], RemoteException
    + FullyQualifiedErrorId : NativeCommand 
   Error
 
(!) Some chunks are larger than 500 kB 
after minification. Consider:
- Using dynamic import() to code-split the 
application
- Use 
build.rollupOptions.output.manualChunks to 
improve chunking: https://rollupjs.org/confi
guration-options/#output-manualchunks
- Adjust chunk size limit for this warning 
via build.chunkSizeWarningLimit.[39m
[32mÔ£ô built in 9.37s[39m

PWA v1.2.0
mode      generateSW
precache  6 entries (599.43 KiB)
files generated
  dist/sw.js
  dist/workbox-8c29f6e4.js
